Warning: _putc defined in module putc.c is duplicated in library file ..\mlib\minix.lib in module putc

 Start  Stop   Length Name               Class

 00000H 04497H 04498H _TEXT              CODE
 044A0H 044A0H 00000H _DATABEG           DATA
 044A0H 0498FH 004F0H _DATA              DATA
 04990H 04990H 00000H _DATAEND           DATA
 04990H 0AB4FH 061C0H _BSS               BSS
 0AB50H 0AB50H 00000H _BSSEND            BSS
 0AB50H 0AB50H 00000H _STACK             STACK
 0AB50H 0AB50H 00000H @STACK             STACK

  Address         Publics by Name

 0000:0000       $main
 044A:0010       brksize
 0000:4395       F_LDIV@
 0000:43A4       F_LMOD@
 0000:439C       F_LUDIV@
 0000:43AC       F_LUMOD@
 0000:4443       F_LXLSH@
 0000:447B       F_LXRSH@
 0000:4395       LDIV@
 0000:43A4       LMOD@
 0000:439C       LUDIV@
 0000:43AC       LUMOD@
 0000:4443       LXLSH@
 0000:447B       LXRSH@
 0000:4392       N_LDIV@
 0000:43A1       N_LMOD@
 0000:4399       N_LUDIV@
 0000:43A9       N_LUMOD@
 0000:4440       N_LXLSH@
 0000:4461       N_LXMUL@
 0000:4478       N_LXRSH@
 044A:0012       sp_limit
 0000:1DE8       _advance
 0000:28A4       _alloc_bit
 0000:2BD8       _alloc_inode
 0000:2FE0       _alloc_zone
 044A:1528       _buf
 044A:14E2       _bufs_in_use
 044A:14E8       _buf_hash
 0000:3EBD       _callm1
 0000:3EF2       _callm3
 0000:3F3E       _callx
 044A:040A       _call_vector
 0000:13DC       _clear_zone
 0000:3B0D       _clock_time
 0000:3B65       _cmp_string
 0000:3B8D       _copy
 044A:0000       _data_org
 0000:1A5F       _dev_close
 0000:1A86       _dev_io
 0000:1A35       _dev_open
 044A:0494       _dmap
 044A:0E6C       _dont_reply
 0000:358B       _do_access
 0000:321E       _do_chdir
 0000:3478       _do_chmod
 0000:34FF       _do_chown
 0000:329B       _do_chroot
 0000:08B0       _do_close
 0000:0557       _do_creat
 0000:37E4       _do_dup
 0000:3A23       _do_exit
 0000:397B       _do_fork
 0000:3390       _do_fstat
 0000:1AFD       _do_ioctl
 0000:2480       _do_link
 0000:0960       _do_lseek
 0000:0674       _do_mknod
 0000:20FE       _do_mount
 0000:079F       _do_open
 0000:1607       _do_pipe
 0000:0A1C       _do_read
 0000:3AE6       _do_revive
 0000:3A9E       _do_set
 0000:333E       _do_stat
 0000:374E       _do_stime
 0000:388A       _do_sync
 0000:373D       _do_time
 0000:3796       _do_tims
 0000:356A       _do_umask
 0000:232D       _do_umount
 0000:25B4       _do_unlink
 0000:191F       _do_unpause
 0000:36CE       _do_utime
 0000:11C1       _do_write
 0000:2DA1       _dup_inode
 0000:1CB1       _eat_path
 044A:6696       _errno
 044A:0DAC       _err_code
 0000:3BDF       _fetch_name
 044A:1262       _filp
 0000:31EA       _find_filp
 0000:35DE       _forbidden
 044A:0E70       _fp
 044A:0E72       _fproc
 0000:29B9       _free_bit
 0000:2CE5       _free_inode
 0000:306E       _free_zone
 044A:14E6       _front
 044A:0BAC       _fstack
 044A:0E2E       _fs_call
 0000:4365       _get_base
 0000:2DAE       _get_block
 0000:314D       _get_fd
 0000:31BE       _get_filp
 0000:2B28       _get_inode
 0000:4368       _get_size
 0000:2A36       _get_super
 0000:436C       _get_tot_mem
 044A:066C       _inode
 0000:3126       _invalidate
 0000:1CF6       _last_dir
 0000:3F79       _len
 0000:277D       _load_bit_maps
 044A:0E4A       _m
 044A:6698       _M
 044A:0E32       _m1
 0000:001C       _main
 044A:04CC       _max_major
 0000:2A64       _mounted
 0000:14CB       _new_block
 0000:1CA4       _no_call
 0000:3C48       _no_sys
 0000:3C50       _panic
 0000:1722       _pipe_check
 0000:3FB4       _printk
 0000:3C95       _putc
 0000:2EE5       _put_block
 0000:2B93       _put_inode
 044A:0E64       _rdahedpos
 044A:0E62       _rdahed_inode
 044A:04F0       _rdwt_err
 0000:1176       _read_ahead
 0000:0F6E       _read_map
 0000:0A2A       _read_write
 044A:14E4       _rear
 0000:3F9B       _receive
 0000:1862       _release
 0000:012A       _reply
 0000:18C3       _revive
 044A:0E68       _reviving
 0000:309E       _rw_block
 0000:1C09       _rw_dev
 0000:1C5D       _rw_dev2
 0000:2D06       _rw_inode
 0000:2AB2       _rw_super
 0000:10F2       _rw_user
 0000:2A98       _scale_factor
 0000:1EF6       _search_dir
 0000:3F95       _send
 0000:3FA1       _sendrec
 0000:3FA1       _send_rec
 044A:0408       _stackpt
 044A:0572       _super_block
 044A:0E6E       _super_user
 0000:1811       _suspend
 044A:0E6A       _susp_count
 0000:3E74       _sys_abort
 0000:3DED       _sys_copy
 0000:3DA3       _sys_exec
 0000:3D7E       _sys_fork
 0000:3D2A       _sys_getsp
 0000:3DC8       _sys_newmap
 0000:3D59       _sys_sig
 0000:3E19       _sys_times
 0000:3D05       _sys_xit
 0000:3E99       _tell_fs
 0000:266E       _truncate
 0000:283C       _unload_bit_maps
 044A:0DAE       _user_path
 044A:0E30       _who
 0000:2CA9       _wipe_inode
 0000:15E5       _zero_block
 044A:66B0       __end

  Address         Publics by Value

 0000:0000       $main
 0000:001C       _main
 0000:012A       _reply
 0000:0557       _do_creat
 0000:0674       _do_mknod
 0000:079F       _do_open
 0000:08B0       _do_close
 0000:0960       _do_lseek
 0000:0A1C       _do_read
 0000:0A2A       _read_write
 0000:0F6E       _read_map
 0000:10F2       _rw_user
 0000:1176       _read_ahead
 0000:11C1       _do_write
 0000:13DC       _clear_zone
 0000:14CB       _new_block
 0000:15E5       _zero_block
 0000:1607       _do_pipe
 0000:1722       _pipe_check
 0000:1811       _suspend
 0000:1862       _release
 0000:18C3       _revive
 0000:191F       _do_unpause
 0000:1A35       _dev_open
 0000:1A5F       _dev_close
 0000:1A86       _dev_io
 0000:1AFD       _do_ioctl
 0000:1C09       _rw_dev
 0000:1C5D       _rw_dev2
 0000:1CA4       _no_call
 0000:1CB1       _eat_path
 0000:1CF6       _last_dir
 0000:1DE8       _advance
 0000:1EF6       _search_dir
 0000:20FE       _do_mount
 0000:232D       _do_umount
 0000:2480       _do_link
 0000:25B4       _do_unlink
 0000:266E       _truncate
 0000:277D       _load_bit_maps
 0000:283C       _unload_bit_maps
 0000:28A4       _alloc_bit
 0000:29B9       _free_bit
 0000:2A36       _get_super
 0000:2A64       _mounted
 0000:2A98       _scale_factor
 0000:2AB2       _rw_super
 0000:2B28       _get_inode
 0000:2B93       _put_inode
 0000:2BD8       _alloc_inode
 0000:2CA9       _wipe_inode
 0000:2CE5       _free_inode
 0000:2D06       _rw_inode
 0000:2DA1       _dup_inode
 0000:2DAE       _get_block
 0000:2EE5       _put_block
 0000:2FE0       _alloc_zone
 0000:306E       _free_zone
 0000:309E       _rw_block
 0000:3126       _invalidate
 0000:314D       _get_fd
 0000:31BE       _get_filp
 0000:31EA       _find_filp
 0000:321E       _do_chdir
 0000:329B       _do_chroot
 0000:333E       _do_stat
 0000:3390       _do_fstat
 0000:3478       _do_chmod
 0000:34FF       _do_chown
 0000:356A       _do_umask
 0000:358B       _do_access
 0000:35DE       _forbidden
 0000:36CE       _do_utime
 0000:373D       _do_time
 0000:374E       _do_stime
 0000:3796       _do_tims
 0000:37E4       _do_dup
 0000:388A       _do_sync
 0000:397B       _do_fork
 0000:3A23       _do_exit
 0000:3A9E       _do_set
 0000:3AE6       _do_revive
 0000:3B0D       _clock_time
 0000:3B65       _cmp_string
 0000:3B8D       _copy
 0000:3BDF       _fetch_name
 0000:3C48       _no_sys
 0000:3C50       _panic
 0000:3C95       _putc
 0000:3D05       _sys_xit
 0000:3D2A       _sys_getsp
 0000:3D59       _sys_sig
 0000:3D7E       _sys_fork
 0000:3DA3       _sys_exec
 0000:3DC8       _sys_newmap
 0000:3DED       _sys_copy
 0000:3E19       _sys_times
 0000:3E74       _sys_abort
 0000:3E99       _tell_fs
 0000:3EBD       _callm1
 0000:3EF2       _callm3
 0000:3F3E       _callx
 0000:3F79       _len
 0000:3F95       _send
 0000:3F9B       _receive
 0000:3FA1       _sendrec
 0000:3FA1       _send_rec
 0000:3FB4       _printk
 0000:4365       _get_base
 0000:4368       _get_size
 0000:436C       _get_tot_mem
 0000:4392       N_LDIV@
 0000:4395       LDIV@
 0000:4395       F_LDIV@
 0000:4399       N_LUDIV@
 0000:439C       F_LUDIV@
 0000:439C       LUDIV@
 0000:43A1       N_LMOD@
 0000:43A4       F_LMOD@
 0000:43A4       LMOD@
 0000:43A9       N_LUMOD@
 0000:43AC       LUMOD@
 0000:43AC       F_LUMOD@
 0000:4440       N_LXLSH@
 0000:4443       LXLSH@
 0000:4443       F_LXLSH@
 0000:4461       N_LXMUL@
 0000:4478       N_LXRSH@
 0000:447B       LXRSH@
 0000:447B       F_LXRSH@
 044A:0000       _data_org
 044A:0010       brksize
 044A:0012       sp_limit
 044A:0408       _stackpt
 044A:040A       _call_vector
 044A:0494       _dmap
 044A:04CC       _max_major
 044A:04F0       _rdwt_err
 044A:0572       _super_block
 044A:066C       _inode
 044A:0BAC       _fstack
 044A:0DAC       _err_code
 044A:0DAE       _user_path
 044A:0E2E       _fs_call
 044A:0E30       _who
 044A:0E32       _m1
 044A:0E4A       _m
 044A:0E62       _rdahed_inode
 044A:0E64       _rdahedpos
 044A:0E68       _reviving
 044A:0E6A       _susp_count
 044A:0E6C       _dont_reply
 044A:0E6E       _super_user
 044A:0E70       _fp
 044A:0E72       _fproc
 044A:1262       _filp
 044A:14E2       _bufs_in_use
 044A:14E4       _rear
 044A:14E6       _front
 044A:14E8       _buf_hash
 044A:1528       _buf
 044A:6696       _errno
 044A:6698       _M
 044A:66B0       __end

Program entry point at 0000:0000

