
 Start  Stop   Length Name                   Class
 00000H 04F54H 04F55H _TEXT                  CODE
 04F60H 04F8FH 00030H _DATAB                 DATA
 04F90H 057EBH 0085CH _DATA                  DATA
 057ECH 057ECH 00000H CONST                  CONST
 057ECH 057ECH 00000H _DATAT                 CONST
 057ECH 0631FH 00B34H _BSS                   BSS
 06320H 073F9H 010DAH C_COMMON               BSS
 073FAH 073FAH 00000H _DATAU                 BSS
 073FAH 073FAH 00000H _DATAV                 BSS
 07400H 07400H 00000H @STACK                 STACK

 Origin   Group
 04F6:0   DGROUP

  Address         Publics by Name

 0000:0000       $MAIN
 04F6:14C0       _aout
 04F6:247A       _bill_ptr
 04F6:001C       _BRKSIZE
 0000:445E       _build_sig
 04F6:2498       _busy_map
 0000:12F3       _cause_sig
 0000:007F       _CLOCK_INT
 0000:1484       _clock_task
 04F6:2478       _color
 0000:43FC       _cp_mess
 04F6:2476       _cum_count
 04F6:155E       _CUR_PROC
 0000:455E       _diskio
 0000:0051       _DISK_INT
 0000:00A5       _DIVIDE
 0000:04E9       _DIV_TRAP
 04F6:249A       _END
 0000:1B00       _floppy_task
 0000:4993       _get_base
 0000:450A       _get_byte
 0000:4484       _get_chrome
 0000:4996       _GET_SIZE
 0000:499A       _GET_TOT_MEM
 0000:45CD       _hdisk_params
 0000:1336       _inform
 0000:05B8       _INTR
 04F6:1530       _INT_MESS
 04F6:1518       _keybd_mess
 0000:37D4       _KEYBOARD
 04F6:13C0       _K_STACK
 0000:444F       _lock
 04F6:2480       _lost_ticks
 0000:0048       _LPR_INT
 0000:0146       _MAIN
 0000:47CD       _map_dmp
 0000:1860       _mem_task
 0000:077E       _mini_send
 04F6:0866       _nayme
 04F6:2482       _nbuff
 04F6:1504       _olivetti
 0000:0519       _PANIC
 04F6:1C62       _pcount
 04F6:247E       _pc_at
 0000:4366       _phys_copy
 0000:09E3       _pick_proc
 0000:443B       _port_in
 0000:442B       _port_out
 04F6:1506       _prev_ct
 04F6:1502       _prev_proc
 0000:3FBA       _printer_task
 0000:49C0       _printk
 0000:488B       _prname
 04F6:1C66       _proc
 04F6:1560       _PROC_PTR
 04F6:1C64       _pr_busy
 0000:4282       _PR_CHAR
 0000:3F74       _putc
 0000:4622       _p_dmp
 04F6:1512       _rdy_head
 04F6:150C       _rdy_tail
 0000:0A69       _ready
 04F6:1508       _realtime
 0000:453D       _reboot
 0000:4DBB       _receive
 0000:0104       _RESTART
 0000:4458       _restore
 04F6:1500       _SCAN_CODE
 0000:0BBD       _sched
 0000:4DB6       _send
 0000:4DC0       _sendrec
 0000:4DC0       _SEND_REC
 0000:48E7       _set_name
 04F6:155C       _sig_procs
 04F6:0000       _SIZES
 04F6:0010       _SPLIMIT
 0000:0095       _SURPRISE
 0000:06C7       _SYS_CALL
 0000:0C04       _sys_task
 0000:0025       _S_CALL
 04F6:05D8       _task
 04F6:1548       _task_mess
 0000:04A9       _TRAP
 0000:009D       _TRP
 0000:003F       _TTY_INT
 0000:2B54       _tty_task
 04F6:1562       _t_stack
 0000:13E2       _umap
 0000:0479       _UNEXPECTED_INT
 0000:4456       _unlock
 0000:0AEE       _unready
 04F6:247C       _vargv
 04F6:05FE       _vec_table
 0000:4493       _vid_copy
 04F6:155A       _vid_mask
 0000:24C4       _winchester_task
 0000:0068       _WINI_INT
 0000:4606       _win_init
 04F6:05F6       _wn_low_safety
 04F6:05FA       _wn_low_xor
 0000:454A       _wreboot
 0000:9876  Abs  __ACRTUSED
 0000:4DD2       __aNldiv
 0000:4E6C       __aNlmul
 0000:4E9E       __aNlrem
 0000:4F3E       __aNlshl
 0000:4F4A       __aNlshr
 0000:4E6C       __aNulmul

  Address         Publics by Value

 0000:0000       $MAIN
 0000:0025       _S_CALL
 0000:003F       _TTY_INT
 0000:0048       _LPR_INT
 0000:0051       _DISK_INT
 0000:0068       _WINI_INT
 0000:007F       _CLOCK_INT
 0000:0095       _SURPRISE
 0000:009D       _TRP
 0000:00A5       _DIVIDE
 0000:0104       _RESTART
 0000:0146       _MAIN
 0000:0479       _UNEXPECTED_INT
 0000:04A9       _TRAP
 0000:04E9       _DIV_TRAP
 0000:0519       _PANIC
 0000:05B8       _INTR
 0000:06C7       _SYS_CALL
 0000:077E       _mini_send
 0000:09E3       _pick_proc
 0000:0A69       _ready
 0000:0AEE       _unready
 0000:0BBD       _sched
 0000:0C04       _sys_task
 0000:12F3       _cause_sig
 0000:1336       _inform
 0000:13E2       _umap
 0000:1484       _clock_task
 0000:1860       _mem_task
 0000:1B00       _floppy_task
 0000:24C4       _winchester_task
 0000:2B54       _tty_task
 0000:37D4       _KEYBOARD
 0000:3F74       _putc
 0000:3FBA       _printer_task
 0000:4282       _PR_CHAR
 0000:4366       _phys_copy
 0000:43FC       _cp_mess
 0000:442B       _port_out
 0000:443B       _port_in
 0000:444F       _lock
 0000:4456       _unlock
 0000:4458       _restore
 0000:445E       _build_sig
 0000:4484       _get_chrome
 0000:4493       _vid_copy
 0000:450A       _get_byte
 0000:453D       _reboot
 0000:454A       _wreboot
 0000:455E       _diskio
 0000:45CD       _hdisk_params
 0000:4606       _win_init
 0000:4622       _p_dmp
 0000:47CD       _map_dmp
 0000:488B       _prname
 0000:48E7       _set_name
 0000:4993       _get_base
 0000:4996       _GET_SIZE
 0000:499A       _GET_TOT_MEM
 0000:49C0       _printk
 0000:4DB6       _send
 0000:4DBB       _receive
 0000:4DC0       _SEND_REC
 0000:4DC0       _sendrec
 0000:4DD2       __aNldiv
 0000:4E6C       __aNlmul
 0000:4E6C       __aNulmul
 0000:4E9E       __aNlrem
 0000:4F3E       __aNlshl
 0000:4F4A       __aNlshr
 04F6:0000       _SIZES
 04F6:0010       _SPLIMIT
 04F6:001C       _BRKSIZE
 04F6:05D8       _task
 04F6:05F6       _wn_low_safety
 04F6:05FA       _wn_low_xor
 04F6:05FE       _vec_table
 04F6:0866       _nayme
 04F6:13C0       _K_STACK
 04F6:14C0       _aout
 04F6:1500       _SCAN_CODE
 04F6:1502       _prev_proc
 04F6:1504       _olivetti
 04F6:1506       _prev_ct
 04F6:1508       _realtime
 04F6:150C       _rdy_tail
 04F6:1512       _rdy_head
 04F6:1518       _keybd_mess
 04F6:1530       _INT_MESS
 04F6:1548       _task_mess
 04F6:155A       _vid_mask
 04F6:155C       _sig_procs
 04F6:155E       _CUR_PROC
 04F6:1560       _PROC_PTR
 04F6:1562       _t_stack
 04F6:1C62       _pcount
 04F6:1C64       _pr_busy
 04F6:1C66       _proc
 04F6:2476       _cum_count
 04F6:2478       _color
 04F6:247A       _bill_ptr
 04F6:247C       _vargv
 04F6:247E       _pc_at
 04F6:2480       _lost_ticks
 04F6:2482       _nbuff
 04F6:2498       _busy_map
 04F6:249A       _END
 0000:9876  Abs  __ACRTUSED
