Warning: _putc defined in module tty.c is duplicated in library file ..\mlib\minix.lib in module putc

 Start  Stop   Length Name               Class

 00000H 04DF2H 04DF3H _TEXT              CODE
 04E00H 04E2FH 00030H _DATABEG           DATA
 04E30H 0558FH 00760H _DATA              DATA
 05590H 05590H 00000H _DATAEND           DATA
 05590H 072D6H 01D47H _BSS               BSS
 072D7H 072D7H 00000H _BSSEND            BSS
 072E0H 072E0H 00000H _STACK             STACK

  Address         Publics by Name

 0000:0000       $main
 0000:4CD4       F_LDIV@
 0000:4CE3       F_LMOD@
 0000:4CDB       F_LUDIV@
 0000:4CEB       F_LUMOD@
 0000:4D82       F_LXLSH@
 0000:4DBA       F_LXRSH@
 0000:4CD4       LDIV@
 0000:4CE3       LMOD@
 0000:4CDB       LUDIV@
 0000:4CEB       LUMOD@
 0000:4D82       LXLSH@
 0000:4DBA       LXRSH@
 0000:4CD1       N_LDIV@
 0000:4CE0       N_LMOD@
 0000:4CD8       N_LUDIV@
 0000:4CE8       N_LUMOD@
 0000:4D7F       N_LXLSH@
 0000:4DA0       N_LXMUL@
 0000:4DB7       N_LXRSH@
 0000:4DD7       N_SCOPY@
 04E0:2497       _aout
 04E0:1444       _bill_ptr
 04E0:001C       _brksize
 0000:0241       _build_sig
 04E0:1436       _busy_map
 0000:12DC       _cause_sig
 0000:007D       _clock_int
 0000:146B       _clock_task
 04E0:0F3E       _color
 0000:01DF       _cp_mess
 04E0:1412       _cum_count
 04E0:2478       _cur_proc
 0000:0066       _disk_int
 0000:00A6       _divide
 0000:06A1       _div_trap
 0000:1A12       _floppy_task
 0000:4CA4       _get_base
 0000:02ED       _get_byte
 0000:0267       _get_chrome
 0000:4CA7       _get_size
 0000:4CAB       _get_tot_mem
 0000:1311       _inform
 0000:0770       _interrupt
 04E0:245C       _int_mess
 04E0:0F24       _keybd_mess
 0000:3AA8       _keyboard
 04E0:1C58       _k_stack
 0000:0232       _lock
 04E0:247A       _lost_ticks
 0000:0046       _lpr_int
 0000:0353       _main
 0000:4702       _map_dmp
 0000:17B4       _mem_task
 0000:08F3       _mini_send
 04E0:0616       _nayme
 04E0:2482       _nbuff
 04E0:245A       _olivetti
 0000:06CD       _panic
 04E0:1416       _pcount
 04E0:2458       _pc_at
 0000:0147       _phys_copy
 0000:0AD4       _pick_proc
 0000:021E       _port_in
 0000:020E       _port_out
 04E0:1410       _prev_ct
 04E0:2476       _prev_proc
 0000:41BD       _printer_task
 0000:48F3       _printk
 0000:47D2       _prname
 04E0:1448       _proc
 04E0:1446       _proc_ptr
 04E0:1414       _pr_busy
 0000:4469       _pr_char
 0000:4192       _putc
 0000:4555       _p_dmp
 04E0:143E       _rdy_head
 04E0:1438       _rdy_tail
 0000:0B4B       _ready
 04E0:247C       _realtime
 0000:02FF       _reboot
 0000:48DA       _receive
 0000:0106       _restart
 0000:023B       _restore
 04E0:0F3C       _scan_code
 0000:0C4E       _sched
 0000:48D4       _send
 0000:48E0       _sendrec
 0000:48E0       _send_rec
 0000:481A       _set_name
 04E0:2474       _sig_procs
 04E0:0000       _sizes
 0000:2E7F       _sort
 04E0:0010       _splimit
 0000:0094       _surprise
 0000:2F3F       _swap
 0000:0864       _sys_call
 0000:0C8B       _sys_task
 0000:0023       _s_call
 04E0:0600       _task
 04E0:1424       _task_mess
 0000:0661       _trap
 0000:009D       _trp
 0000:003D       _tty_int
 0000:2F77       _tty_task
 04E0:1D58       _t_stack
 0000:1393       _umap
 0000:0635       _unexpected_int
 0000:0239       _unlock
 0000:0BBA       _unready
 04E0:2480       _vargv
 04E0:0794       _vec_table
 0000:0276       _vid_copy
 04E0:0F1E       _vid_mask
 0000:2304       _winchester_task
 0000:004F       _wini_int
 0000:0320       _wreboot
 04E0:0790       __end

  Address         Publics by Value

 0000:0000       $main
 0000:0023       _s_call
 0000:003D       _tty_int
 0000:0046       _lpr_int
 0000:004F       _wini_int
 0000:0066       _disk_int
 0000:007D       _clock_int
 0000:0094       _surprise
 0000:009D       _trp
 0000:00A6       _divide
 0000:0106       _restart
 0000:0147       _phys_copy
 0000:01DF       _cp_mess
 0000:020E       _port_out
 0000:021E       _port_in
 0000:0232       _lock
 0000:0239       _unlock
 0000:023B       _restore
 0000:0241       _build_sig
 0000:0267       _get_chrome
 0000:0276       _vid_copy
 0000:02ED       _get_byte
 0000:02FF       _reboot
 0000:0320       _wreboot
 0000:0353       _main
 0000:0635       _unexpected_int
 0000:0661       _trap
 0000:06A1       _div_trap
 0000:06CD       _panic
 0000:0770       _interrupt
 0000:0864       _sys_call
 0000:08F3       _mini_send
 0000:0AD4       _pick_proc
 0000:0B4B       _ready
 0000:0BBA       _unready
 0000:0C4E       _sched
 0000:0C8B       _sys_task
 0000:12DC       _cause_sig
 0000:1311       _inform
 0000:1393       _umap
 0000:146B       _clock_task
 0000:17B4       _mem_task
 0000:1A12       _floppy_task
 0000:2304       _winchester_task
 0000:2E7F       _sort
 0000:2F3F       _swap
 0000:2F77       _tty_task
 0000:3AA8       _keyboard
 0000:4192       _putc
 0000:41BD       _printer_task
 0000:4469       _pr_char
 0000:4555       _p_dmp
 0000:4702       _map_dmp
 0000:47D2       _prname
 0000:481A       _set_name
 0000:48D4       _send
 0000:48DA       _receive
 0000:48E0       _sendrec
 0000:48E0       _send_rec
 0000:48F3       _printk
 0000:4CA4       _get_base
 0000:4CA7       _get_size
 0000:4CAB       _get_tot_mem
 0000:4CD1       N_LDIV@
 0000:4CD4       LDIV@
 0000:4CD4       F_LDIV@
 0000:4CD8       N_LUDIV@
 0000:4CDB       F_LUDIV@
 0000:4CDB       LUDIV@
 0000:4CE0       N_LMOD@
 0000:4CE3       F_LMOD@
 0000:4CE3       LMOD@
 0000:4CE8       N_LUMOD@
 0000:4CEB       LUMOD@
 0000:4CEB       F_LUMOD@
 0000:4D7F       N_LXLSH@
 0000:4D82       LXLSH@
 0000:4D82       F_LXLSH@
 0000:4DA0       N_LXMUL@
 0000:4DB7       N_LXRSH@
 0000:4DBA       LXRSH@
 0000:4DBA       F_LXRSH@
 0000:4DD7       N_SCOPY@
 04E0:0000       _sizes
 04E0:0010       _splimit
 04E0:001C       _brksize
 04E0:0600       _task
 04E0:0616       _nayme
 04E0:0790       __end
 04E0:0794       _vec_table
 04E0:0F1E       _vid_mask
 04E0:0F24       _keybd_mess
 04E0:0F3C       _scan_code
 04E0:0F3E       _color
 04E0:1410       _prev_ct
 04E0:1412       _cum_count
 04E0:1414       _pr_busy
 04E0:1416       _pcount
 04E0:1424       _task_mess
 04E0:1436       _busy_map
 04E0:1438       _rdy_tail
 04E0:143E       _rdy_head
 04E0:1444       _bill_ptr
 04E0:1446       _proc_ptr
 04E0:1448       _proc
 04E0:1C58       _k_stack
 04E0:1D58       _t_stack
 04E0:2458       _pc_at
 04E0:245A       _olivetti
 04E0:245C       _int_mess
 04E0:2474       _sig_procs
 04E0:2476       _prev_proc
 04E0:2478       _cur_proc
 04E0:247A       _lost_ticks
 04E0:247C       _realtime
 04E0:2480       _vargv
 04E0:2482       _nbuff
 04E0:2497       _aout

Program entry point at 0000:0000

