
 Start  Stop   Length Name               Class

 00000H 046ABH 046ACH _TEXT              CODE
 046B0H 04C13H 00564H _DATA              DATA
 04C20H 04C20H 00000H _DATAEND           DATA
 04C20H 0D67FH 08A60H _BSS               BSS
 0D680H 0D680H 00000H _BSSEND            BSS
 0D680H 0D680H 00000H _STACK             STACK

  Address         Publics by Name

 0000:0000       $main
 046B:0570       begbss
 046B:8FD0       endbss
 0000:3F1E       LDIV@
 0000:3F27       LMOD@
 0000:3F22       LUDIV@
 0000:3F2C       LUMOD@
 0000:3FC1       LXLSH@
 0000:3FFE       LXMUL@
 0000:3FE0       LXRSH@
 046B:0012       splimit
 0000:208E       _advance
 0000:356D       _alloc_bit
 0000:08C8       _alloc_inode
 0000:023F       _alloc_zone
 046B:0010       _brksize
 046B:06A0       _buf
 046B:8EC6       _bufs_in_use
 046B:8E04       _buf_hash
 0000:4017       _callm1
 0000:404D       _callm3
 0000:409A       _callx
 046B:0462       _call_vector
 0000:3CA3       _clear_zone
 0000:390E       _clock_time
 0000:3969       _cmp_string
 0000:3992       _copy
 046B:0000       _data_org
 0000:03DA       _dev_close
 0000:03FF       _dev_io
 0000:03AA       _dev_open
 046B:04EE       _dmap
 046B:8FCC       _dont_reply
 0000:2887       _do_access
 0000:3204       _do_chdir
 0000:2774       _do_chmod
 0000:27F7       _do_chown
 0000:327D       _do_chroot
 0000:1DC6       _do_close
 0000:1A74       _do_creat
 0000:13A7       _do_dup
 0000:15ED       _do_exit
 0000:153B       _do_fork
 0000:336F       _do_fstat
 0000:0473       _do_ioctl
 0000:0A8B       _do_link
 0000:1E72       _do_lseek
 0000:1B97       _do_mknod
 0000:16EE       _do_mount
 0000:1CCE       _do_open
 0000:23B7       _do_pipe
 0000:2A35       _do_read
 0000:16C9       _do_revive
 0000:1682       _do_set
 0000:331F       _do_stat
 0000:3876       _do_stime
 0000:1445       _do_sync
 0000:3867       _do_time
 0000:38BE       _do_tims
 0000:285F       _do_umask
 0000:191C       _do_umount
 0000:0BBB       _do_unlink
 0000:26A3       _do_unpause
 0000:37ED       _do_utime
 0000:3AA8       _do_write
 0000:0A80       _dup_inode
 0000:1F31       _eat_path
 046B:8FCE       _errno
 046B:8E02       _err_code
 0000:001C       _exit
 0000:39F1       _fetch_name
 046B:897C       _filp
 0000:07DF       _find_filp
 0000:28D8       _forbidden
 046B:8008       _fp
 046B:800A       _fproc
 0000:3675       _free_bit
 0000:09D2       _free_inode
 0000:02CD       _free_zone
 046B:8DFE       _front
 046B:8BFE       _fstack
 046B:8E00       _fs_call
 0000:3EF1       _get_base
 0000:001E       _get_block
 0000:0748       _get_fd
 0000:07B5       _get_filp
 0000:0815       _get_inode
 0000:3EF4       _get_size
 0000:36EE       _get_super
 0000:3EF8       _get_tot_mem
 046B:843C       _inode
 0000:0385       _invalidate
 0000:1F79       _last_dir
 0000:40D7       _len
 0000:3456       _load_bit_maps
 046B:0530       _M
 046B:0688       _m
 046B:0670       _m1
 0000:0D95       _main
 046B:0526       _max_major
 0000:371C       _mounted
 0000:3D9A       _new_block
 0000:0639       _no_call
 0000:3A5C       _no_sys
 0000:3A62       _panic
 0000:24C1       _pipe_check
 0000:41AE       _printk
 0000:29C1       _putc
 0000:0162       _put_block
 0000:0882       _put_inode
 046B:8EC8       _rdahedpos
 046B:8FCA       _rdahed_inode
 046B:063C       _rdwt_err
 0000:31B8       _read_ahead
 0000:2F9F       _read_map
 0000:299E       _read_only
 0000:2A40       _read_write
 046B:8BFC       _rear
 0000:3ED8       _receive
 0000:25DE       _release
 0000:0E9D       _reply
 0000:2644       _revive
 046B:8E44       _reviving
 0000:02FC       _rw_block
 0000:0578       _rw_dev
 0000:05D9       _rw_dev2
 0000:09F2       _rw_inode
 0000:3777       _rw_super
 0000:312D       _rw_user
 0000:375E       _scale_factor
 0000:21AC       _search_dir
 0000:3ED2       _send
 0000:3EDE       _sendrec
 046B:0460       _stackpt
 046B:8ECE       _super_block
 046B:8ECC       _super_user
 0000:258F       _suspend
 046B:8FC8       _susp_count
 0000:464A       _sys_abort
 0000:45C5       _sys_copy
 0000:457D       _sys_exec
 0000:4559       _sys_fork
 0000:4509       _sys_getsp
 0000:466B       _sys_kill
 0000:45A1       _sys_newmap
 0000:4535       _sys_sig
 0000:45EF       _sys_times
 0000:44E5       _sys_xit
 0000:4689       _tell_fs
 0000:0C77       _truncate
 0000:06D7       _tty_exit
 0000:0646       _tty_open
 0000:350E       _unload_bit_maps
 046B:8E46       _user_path
 046B:843A       _who
 0000:099A       _wipe_inode
 0000:3EB2       _zero_block

  Address         Publics by Value

 0000:0000       $main
 0000:001C       _exit
 0000:001E       _get_block
 0000:0162       _put_block
 0000:023F       _alloc_zone
 0000:02CD       _free_zone
 0000:02FC       _rw_block
 0000:0385       _invalidate
 0000:03AA       _dev_open
 0000:03DA       _dev_close
 0000:03FF       _dev_io
 0000:0473       _do_ioctl
 0000:0578       _rw_dev
 0000:05D9       _rw_dev2
 0000:0639       _no_call
 0000:0646       _tty_open
 0000:06D7       _tty_exit
 0000:0748       _get_fd
 0000:07B5       _get_filp
 0000:07DF       _find_filp
 0000:0815       _get_inode
 0000:0882       _put_inode
 0000:08C8       _alloc_inode
 0000:099A       _wipe_inode
 0000:09D2       _free_inode
 0000:09F2       _rw_inode
 0000:0A80       _dup_inode
 0000:0A8B       _do_link
 0000:0BBB       _do_unlink
 0000:0C77       _truncate
 0000:0D95       _main
 0000:0E9D       _reply
 0000:13A7       _do_dup
 0000:1445       _do_sync
 0000:153B       _do_fork
 0000:15ED       _do_exit
 0000:1682       _do_set
 0000:16C9       _do_revive
 0000:16EE       _do_mount
 0000:191C       _do_umount
 0000:1A74       _do_creat
 0000:1B97       _do_mknod
 0000:1CCE       _do_open
 0000:1DC6       _do_close
 0000:1E72       _do_lseek
 0000:1F31       _eat_path
 0000:1F79       _last_dir
 0000:208E       _advance
 0000:21AC       _search_dir
 0000:23B7       _do_pipe
 0000:24C1       _pipe_check
 0000:258F       _suspend
 0000:25DE       _release
 0000:2644       _revive
 0000:26A3       _do_unpause
 0000:2774       _do_chmod
 0000:27F7       _do_chown
 0000:285F       _do_umask
 0000:2887       _do_access
 0000:28D8       _forbidden
 0000:299E       _read_only
 0000:29C1       _putc
 0000:2A35       _do_read
 0000:2A40       _read_write
 0000:2F9F       _read_map
 0000:312D       _rw_user
 0000:31B8       _read_ahead
 0000:3204       _do_chdir
 0000:327D       _do_chroot
 0000:331F       _do_stat
 0000:336F       _do_fstat
 0000:3456       _load_bit_maps
 0000:350E       _unload_bit_maps
 0000:356D       _alloc_bit
 0000:3675       _free_bit
 0000:36EE       _get_super
 0000:371C       _mounted
 0000:375E       _scale_factor
 0000:3777       _rw_super
 0000:37ED       _do_utime
 0000:3867       _do_time
 0000:3876       _do_stime
 0000:38BE       _do_tims
 0000:390E       _clock_time
 0000:3969       _cmp_string
 0000:3992       _copy
 0000:39F1       _fetch_name
 0000:3A5C       _no_sys
 0000:3A62       _panic
 0000:3AA8       _do_write
 0000:3CA3       _clear_zone
 0000:3D9A       _new_block
 0000:3EB2       _zero_block
 0000:3ED2       _send
 0000:3ED8       _receive
 0000:3EDE       _sendrec
 0000:3EF1       _get_base
 0000:3EF4       _get_size
 0000:3EF8       _get_tot_mem
 0000:3F1E       LDIV@
 0000:3F22       LUDIV@
 0000:3F27       LMOD@
 0000:3F2C       LUMOD@
 0000:3FC1       LXLSH@
 0000:3FE0       LXRSH@
 0000:3FFE       LXMUL@
 0000:4017       _callm1
 0000:404D       _callm3
 0000:409A       _callx
 0000:40D7       _len
 0000:41AE       _printk
 0000:44E5       _sys_xit
 0000:4509       _sys_getsp
 0000:4535       _sys_sig
 0000:4559       _sys_fork
 0000:457D       _sys_exec
 0000:45A1       _sys_newmap
 0000:45C5       _sys_copy
 0000:45EF       _sys_times
 0000:464A       _sys_abort
 0000:466B       _sys_kill
 0000:4689       _tell_fs
 046B:0000       _data_org
 046B:0010       _brksize
 046B:0012       splimit
 046B:0460       _stackpt
 046B:0462       _call_vector
 046B:04EE       _dmap
 046B:0526       _max_major
 046B:0530       _M
 046B:0570       begbss
 046B:063C       _rdwt_err
 046B:0670       _m1
 046B:0688       _m
 046B:06A0       _buf
 046B:8008       _fp
 046B:800A       _fproc
 046B:843A       _who
 046B:843C       _inode
 046B:897C       _filp
 046B:8BFC       _rear
 046B:8BFE       _fstack
 046B:8DFE       _front
 046B:8E00       _fs_call
 046B:8E02       _err_code
 046B:8E04       _buf_hash
 046B:8E44       _reviving
 046B:8E46       _user_path
 046B:8EC6       _bufs_in_use
 046B:8EC8       _rdahedpos
 046B:8ECC       _super_user
 046B:8ECE       _super_block
 046B:8FC8       _susp_count
 046B:8FCA       _rdahed_inode
 046B:8FCC       _dont_reply
 046B:8FCE       _errno
 046B:8FD0       endbss

Program entry point at 0000:0000

