
 Start  Stop   Length Name                   Class
 00000H 0341DH 0341EH _TEXT                  CODE
 03420H 03420H 00000H _DATAB                 DATA
 03420H 041DBH 00DBCH _DATA                  DATA
 041DCH 041DCH 00000H CONST                  CONST
 041DCH 041DCH 00000H _DATAT                 CONST
 041DCH 041DCH 00000H _BSS                   BSS
 041DCH 04E43H 00C68H C_COMMON               BSS
 04E44H 06E43H 02000H _DATAU                 BSS
 06E44H 06E44H 00000H _DATAV                 BSS
 06E50H 06E50H 00000H @STACK                 STACK

 Origin   Group
 0342:0   DGROUP

  Address         Publics by Name

 0000:0000       $MAIN
 0000:0960       _alloc
 0000:143F       _allocbitmap
 0342:0024       _answer
 0000:316C       _atol
 0000:0884       _atoo
 0342:0DEE       _automatic
 0342:0DF2       _brksa
 0342:0DF4       _changed
 0000:199C       _chkcount
 0000:2C41       _chkdev
 0000:26DF       _chkdirectory
 0000:20DB       _chkdirzone
 0000:1C35       _chkdots
 0000:1E9C       _chkentry
 0000:2657       _chkfile
 0000:17C7       _chkilist
 0000:2414       _chkindzone
 0000:283D       _chkinode
 0000:16A9       _chkmap
 0000:279C       _chkmode
 0000:1DA9       _chkname
 0000:1270       _chksuper
 0000:2B11       _chktree
 0000:15D0       _chkword
 0000:2581       _chkzones
 0000:074A       _copy
 0342:1A08       _count
 0000:18CC       _counterror
 0342:0DE2       _CYLSIZ
 0000:2945       _descendtree
 0342:0DDC       _device
 0000:0B6A       _devio
 0000:0C8B       _devread
 0000:0CD8       _devwrite
 0342:0DDA       _dirmap
 0000:0084       _DISKIO
 0000:0AB6       _disktype
 0000:0102       _DMAOVERRUN
 0000:0362       _doprnt
 0342:0DF0       _DRIVE
 0000:14BE       _dumpbitmap
 0342:0DBC       _EDATA
 0342:3A24       _END
 0000:07A9       _eoln
 0000:2279       _errzone
 0000:0039       _EXIT
 0000:077D       _fatal
 0342:0DE8       _firstcnterr
 0342:1A0C       _firstlist
 0342:001E       _floptrk
 0000:158A       _getbitmaps
 0000:0073       _GETC
 0000:0157       _getchar
 0000:18AB       _getcount
 0000:118E       _getsuper
 0000:2EF6       _get_partition
 0342:0DC0       _imap
 0000:1514       _initbitmap
 0000:0702       _initvars
 0342:0022       _inode_ct
 0000:08D0       _input
 0000:24C2       _jump
 04E4:0004       _KERSTACK
 0000:1A70       _list
 0342:1A0A       _listing
 0342:0DEC       _listsuper
 0000:1462       _loadbitmap
 0000:0D94       _lsuper
 0000:2D10       _MAIN
 0000:0F42       _makedev
 0342:0DBC       _makefs
 0000:2302       _markzone
 0000:1019       _mkfs
 0342:0DE4       _nbadinode
 0342:11FC       _nblkspec
 0342:0DE0       _ncharspec
 0342:1A22       _ndirectory
 0342:1A04       _nfreeinode
 0342:0DC4       _nfreezone
 0342:0DE6       _nregular
 0342:0DFC       _nullbuf
 0342:1A12       _nulldir
 0342:0DEA       _partition
 0342:0DD8       _part_offset
 0000:0D63       _pr
 0000:0270       _printchar
 0000:06E6       _printk
 0000:09AA       _printname
 0000:0185       _printnum
 0000:0A3D       _printpath
 0000:19F0       _printperm
 0000:0A03       _printrec
 0000:2B64       _printtotal
 0342:1A06       _prog
 0000:003F       _PRT
 0000:0060       _PUTC
 0000:0130       _putchar
 0000:2F75       _read_partition
 0000:1BB5       _remove
 0342:0DC2       _repair
 0000:0078       _RESET_DISKETTE
 0342:1200       _rwbuf
 0342:1602       _rwbuf1
 0342:1202       _rwbuf2
 0342:0DC6       _sb
 0000:308D       _sort
 0342:1A10       _spec_imap
 0342:11FE       _spec_zmap
 0000:3216       _strcmp
 0000:3136       _swap
 0342:0DDE       _thisblk
 0342:0DBE       _top
 0342:1A0E       _TRACKSIZ
 0342:001C       _virgin
 0000:07DC       _yes
 0342:1A02       _zmap
 0000:2506       _zonechk
 0342:0020       _zone_ct
 0342:0DF6       _ztype
 0000:9876  Abs  __ACRTUSED
 0000:325E       __aNldiv
 0000:33EC       __aNlmul
 0000:32F8       __aNlrem
 0000:3398       __aNlshl
 0000:33A4       __aNlshr
 0000:33CC       __aNNalmul
 0000:33B0       __aNNalshl
 0000:33CC       __aNNaulmul
 0000:33EC       __aNulmul
 0342:0D3A       __ctype_

  Address         Publics by Value

 0000:0000       $MAIN
 0000:0039       _EXIT
 0000:003F       _PRT
 0000:0060       _PUTC
 0000:0073       _GETC
 0000:0078       _RESET_DISKETTE
 0000:0084       _DISKIO
 0000:0102       _DMAOVERRUN
 0000:0130       _putchar
 0000:0157       _getchar
 0000:0185       _printnum
 0000:0270       _printchar
 0000:0362       _doprnt
 0000:06E6       _printk
 0000:0702       _initvars
 0000:074A       _copy
 0000:077D       _fatal
 0000:07A9       _eoln
 0000:07DC       _yes
 0000:0884       _atoo
 0000:08D0       _input
 0000:0960       _alloc
 0000:09AA       _printname
 0000:0A03       _printrec
 0000:0A3D       _printpath
 0000:0AB6       _disktype
 0000:0B6A       _devio
 0000:0C8B       _devread
 0000:0CD8       _devwrite
 0000:0D63       _pr
 0000:0D94       _lsuper
 0000:0F42       _makedev
 0000:1019       _mkfs
 0000:118E       _getsuper
 0000:1270       _chksuper
 0000:143F       _allocbitmap
 0000:1462       _loadbitmap
 0000:14BE       _dumpbitmap
 0000:1514       _initbitmap
 0000:158A       _getbitmaps
 0000:15D0       _chkword
 0000:16A9       _chkmap
 0000:17C7       _chkilist
 0000:18AB       _getcount
 0000:18CC       _counterror
 0000:199C       _chkcount
 0000:19F0       _printperm
 0000:1A70       _list
 0000:1BB5       _remove
 0000:1C35       _chkdots
 0000:1DA9       _chkname
 0000:1E9C       _chkentry
 0000:20DB       _chkdirzone
 0000:2279       _errzone
 0000:2302       _markzone
 0000:2414       _chkindzone
 0000:24C2       _jump
 0000:2506       _zonechk
 0000:2581       _chkzones
 0000:2657       _chkfile
 0000:26DF       _chkdirectory
 0000:279C       _chkmode
 0000:283D       _chkinode
 0000:2945       _descendtree
 0000:2B11       _chktree
 0000:2B64       _printtotal
 0000:2C41       _chkdev
 0000:2D10       _MAIN
 0000:2EF6       _get_partition
 0000:2F75       _read_partition
 0000:308D       _sort
 0000:3136       _swap
 0000:316C       _atol
 0000:3216       _strcmp
 0000:325E       __aNldiv
 0000:32F8       __aNlrem
 0000:3398       __aNlshl
 0000:33A4       __aNlshr
 0000:33B0       __aNNalshl
 0000:33CC       __aNNaulmul
 0000:33CC       __aNNalmul
 0000:33EC       __aNlmul
 0000:33EC       __aNulmul
 0342:001C       _virgin
 0342:001E       _floptrk
 0342:0020       _zone_ct
 0342:0022       _inode_ct
 0342:0024       _answer
 0342:0D3A       __ctype_
 0342:0DBC       _EDATA
 0342:0DBC       _makefs
 0342:0DBE       _top
 0342:0DC0       _imap
 0342:0DC2       _repair
 0342:0DC4       _nfreezone
 0342:0DC6       _sb
 0342:0DD8       _part_offset
 0342:0DDA       _dirmap
 0342:0DDC       _device
 0342:0DDE       _thisblk
 0342:0DE0       _ncharspec
 0342:0DE2       _CYLSIZ
 0342:0DE4       _nbadinode
 0342:0DE6       _nregular
 0342:0DE8       _firstcnterr
 0342:0DEA       _partition
 0342:0DEC       _listsuper
 0342:0DEE       _automatic
 0342:0DF0       _DRIVE
 0342:0DF2       _brksa
 0342:0DF4       _changed
 0342:0DF6       _ztype
 0342:0DFC       _nullbuf
 0342:11FC       _nblkspec
 0342:11FE       _spec_zmap
 0342:1200       _rwbuf
 0342:1202       _rwbuf2
 0342:1602       _rwbuf1
 0342:1A02       _zmap
 0342:1A04       _nfreeinode
 0342:1A06       _prog
 0342:1A08       _count
 0342:1A0A       _listing
 0342:1A0C       _firstlist
 0342:1A0E       _TRACKSIZ
 0342:1A10       _spec_imap
 0342:1A12       _nulldir
 0342:1A22       _ndirectory
 04E4:0004       _KERSTACK
 0342:3A24       _END
 0000:9876  Abs  __ACRTUSED
