
 Start  Stop   Length Name               Class

 00000H 02DB1H 02DB2H _TEXT              CODE
 02DC0H 03BE5H 00E26H _DATA              DATA
 03BF0H 03BF0H 00000H _DATAEND           DATA
 03BF0H 06857H 02C68H _BSS               BSS
 06858H 06858H 00000H _BSSEND            BSS
 06860H 06860H 00000H _STACK             STACK

  Address         Publics by Name

 0000:0000       $main
 0000:2BFD       LDIV@
 0000:2C06       LMOD@
 0000:2C01       LUDIV@
 0000:2C0B       LUMOD@
 0000:2CA0       LXLSH@
 0000:2CDD       LXMUL@
 0000:2CBF       LXRSH@
 0000:07EF       _alloc
 0000:11AE       _allocbitmap
 02DC:000E       _answer
 0000:2CF6       _atol
 0000:0752       _atoo
 02DC:3A6A       _automatic
 02DC:3642       _brk
 02DC:365A       _changed
 0000:163A       _chkcount
 0000:265E       _chkdev
 0000:2181       _chkdirectory
 0000:1C78       _chkdirzone
 0000:1868       _chkdots
 0000:1A99       _chkentry
 0000:210B       _chkfile
 0000:146B       _chkilist
 0000:1F34       _chkindzone
 0000:22AA       _chkinode
 0000:1380       _chkmap
 0000:2223       _chkmode
 0000:19CD       _chkname
 0000:0FFE       _chksuper
 0000:2547       _chktree
 0000:12CC       _chkword
 0000:205F       _chkzones
 0000:0675       _copy
 02DC:3658       _count
 0000:1561       _counterror
 02DC:3A68       _cylsiz
 0000:2390       _descendtree
 02DC:3654       _device
 0000:097D       _devio
 0000:0A93       _devread
 0000:0AD3       _devwrite
 02DC:365C       _dirmap
 0000:007E       _diskio
 0000:08E9       _disktype
 0000:0100       _dmaoverrun
 0000:0306       _doprnt
 02DC:3646       _drive
 0000:1208       _dumpbitmap
 02DC:3A98       _end
 0000:06B2       _eoln
 0000:1DCB       _errzone
 0000:0039       _exit
 0000:068F       _fatal
 02DC:3A92       _firstcnterr
 02DC:3A8E       _firstlist
 02DC:0008       _floptrk
 02DC:3648       _ftop
 0000:128F       _getbitmaps
 0000:0072       _getc
 0000:0139       _getchar
 0000:154E       _getcount
 0000:0F48       _getsuper
 0000:2923       _get_partition
 02DC:364A       _imap
 0000:123D       _initbitmap
 0000:062F       _initvars
 02DC:000C       _inode_ct
 0000:0783       _input
 0000:1FBD       _jump
 0000:16E7       _list
 02DC:3A5E       _listing
 02DC:3A8C       _listsuper
 0000:11CC       _loadbitmap
 0000:0B6A       _lsuper
 0000:2727       _main
 0000:0CF3       _makedev
 02DC:3A60       _makefs
 0000:1E40       _markzone
 0000:0DC5       _mkfs
 0000:2BF3       _mull
 02DC:007D       _mullen
 02DC:3A7E       _nbadinode
 02DC:3A62       _nblkspec
 02DC:3A7C       _ncharspec
 02DC:3A94       _ndirectory
 02DC:3A84       _nfreeinode
 02DC:3A80       _nfreezone
 02DC:3A82       _nregular
 02DC:365E       _nullbuf
 02DC:3A6C       _nulldir
 02DC:3A86       _partition
 02DC:3A96       _part_offset
 0000:0B4B       _pr
 0000:0231       _printchar
 0000:061E       _printk
 0000:081F       _printname
 0000:0159       _printnum
 0000:0882       _printpath
 0000:167B       _printperm
 0000:0857       _printrec
 0000:2591       _printtotal
 02DC:3644       _prog
 0000:0060       _putc
 0000:011D       _putchar
 0000:29A0       _read_partition
 0000:17FE       _remove
 02DC:3A64       _repair
 0000:0077       _reset_diskette
 02DC:364C       _rwbuf
 02DC:2E30       _rwbuf1
 02DC:3230       _rwbuf2
 02DC:3630       _sb
 0000:2B12       _sort
 02DC:3A88       _spec_imap
 02DC:3A8A       _spec_zmap
 0000:2D80       _strcmp
 0000:2BBF       _swap
 02DC:3A66       _thisblk
 02DC:3A90       _tracksiz
 02DC:0006       _virgin
 0000:06D3       _yes
 02DC:3656       _zmap
 0000:1FFD       _zonechk
 02DC:000A       _zone_ct
 02DC:364E       _ztype
 02DC:0DA4       __ctype_

  Address         Publics by Value

 0000:0000       $main
 0000:0039       _exit
 0000:0060       _putc
 0000:0072       _getc
 0000:0077       _reset_diskette
 0000:007E       _diskio
 0000:0100       _dmaoverrun
 0000:011D       _putchar
 0000:0139       _getchar
 0000:0159       _printnum
 0000:0231       _printchar
 0000:0306       _doprnt
 0000:061E       _printk
 0000:062F       _initvars
 0000:0675       _copy
 0000:068F       _fatal
 0000:06B2       _eoln
 0000:06D3       _yes
 0000:0752       _atoo
 0000:0783       _input
 0000:07EF       _alloc
 0000:081F       _printname
 0000:0857       _printrec
 0000:0882       _printpath
 0000:08E9       _disktype
 0000:097D       _devio
 0000:0A93       _devread
 0000:0AD3       _devwrite
 0000:0B4B       _pr
 0000:0B6A       _lsuper
 0000:0CF3       _makedev
 0000:0DC5       _mkfs
 0000:0F48       _getsuper
 0000:0FFE       _chksuper
 0000:11AE       _allocbitmap
 0000:11CC       _loadbitmap
 0000:1208       _dumpbitmap
 0000:123D       _initbitmap
 0000:128F       _getbitmaps
 0000:12CC       _chkword
 0000:1380       _chkmap
 0000:146B       _chkilist
 0000:154E       _getcount
 0000:1561       _counterror
 0000:163A       _chkcount
 0000:167B       _printperm
 0000:16E7       _list
 0000:17FE       _remove
 0000:1868       _chkdots
 0000:19CD       _chkname
 0000:1A99       _chkentry
 0000:1C78       _chkdirzone
 0000:1DCB       _errzone
 0000:1E40       _markzone
 0000:1F34       _chkindzone
 0000:1FBD       _jump
 0000:1FFD       _zonechk
 0000:205F       _chkzones
 0000:210B       _chkfile
 0000:2181       _chkdirectory
 0000:2223       _chkmode
 0000:22AA       _chkinode
 0000:2390       _descendtree
 0000:2547       _chktree
 0000:2591       _printtotal
 0000:265E       _chkdev
 0000:2727       _main
 0000:2923       _get_partition
 0000:29A0       _read_partition
 0000:2B12       _sort
 0000:2BBF       _swap
 0000:2BF3       _mull
 0000:2BFD       LDIV@
 0000:2C01       LUDIV@
 0000:2C06       LMOD@
 0000:2C0B       LUMOD@
 0000:2CA0       LXLSH@
 0000:2CBF       LXRSH@
 0000:2CDD       LXMUL@
 0000:2CF6       _atol
 0000:2D80       _strcmp
 02DC:0006       _virgin
 02DC:0008       _floptrk
 02DC:000A       _zone_ct
 02DC:000C       _inode_ct
 02DC:000E       _answer
 02DC:007D       _mullen
 02DC:0DA4       __ctype_
 02DC:2E30       _rwbuf1
 02DC:3230       _rwbuf2
 02DC:3630       _sb
 02DC:3642       _brk
 02DC:3644       _prog
 02DC:3646       _drive
 02DC:3648       _ftop
 02DC:364A       _imap
 02DC:364C       _rwbuf
 02DC:364E       _ztype
 02DC:3654       _device
 02DC:3656       _zmap
 02DC:3658       _count
 02DC:365A       _changed
 02DC:365C       _dirmap
 02DC:365E       _nullbuf
 02DC:3A5E       _listing
 02DC:3A60       _makefs
 02DC:3A62       _nblkspec
 02DC:3A64       _repair
 02DC:3A66       _thisblk
 02DC:3A68       _cylsiz
 02DC:3A6A       _automatic
 02DC:3A6C       _nulldir
 02DC:3A7C       _ncharspec
 02DC:3A7E       _nbadinode
 02DC:3A80       _nfreezone
 02DC:3A82       _nregular
 02DC:3A84       _nfreeinode
 02DC:3A86       _partition
 02DC:3A88       _spec_imap
 02DC:3A8A       _spec_zmap
 02DC:3A8C       _listsuper
 02DC:3A8E       _firstlist
 02DC:3A90       _tracksiz
 02DC:3A92       _firstcnterr
 02DC:3A94       _ndirectory
 02DC:3A96       _part_offset
 02DC:3A98       _end

Program entry point at 0000:0000

